// Jest Snapshot v1, https://goo.gl/fbAQLP

exports[`<PrivateRoute /> should render Component. 1`] = `ReactWrapper {}`;

exports[`<PrivateRoute /> should render null. 1`] = `ReactWrapper {}`;
