// Jest Snapshot v1, https://goo.gl/fbAQLP

exports[`<ProppertyInside /> should render main. 1`] = `
<li
  className="property__inside-item"
>
  Душик
</li>
`;
